// Jest Snapshot v1, https://goo.gl/fbAQLP

exports[`render matches snapshot 1`] = `
<Fragment>
  <img
    src="https://avatars2.githubusercontent.com/u/1555350?v=4"
  />
</Fragment>
`;
