// Jest Snapshot v1, https://goo.gl/fbAQLP

exports[`render matches snapshot 1`] = `
<Fragment>
  <span>
    Please search for a github user by their 
    <em>
      username
    </em>
  </span>
  <Autosuggest />
</Fragment>
`;
